<?xml version="1.0"?>
<link_info>
   <banner>TI ARM Linker PC v5.1.1</banner>
   <copyright>Copyright (c) 1996-2013 Texas Instruments Incorporated</copyright>
   <link_time>0x52aa2c88</link_time>
   <link_errors>0x0</link_errors>
   <output_file>uart_echo.out</output_file>
   <entry_point>
      <name>_c_int00</name>
      <address>0x1979</address>
   </entry_point>
   <input_file_list>
      <input_file id="fl-2">
         <path>.\</path>
         <kind>object</kind>
         <file>uart_echo.obj</file>
         <name>uart_echo.obj</name>
      </input_file>
      <input_file id="fl-3">
         <path>.\</path>
         <kind>object</kind>
         <file>startup_ccs.obj</file>
         <name>startup_ccs.obj</name>
      </input_file>
      <input_file id="fl-8">
         <path>C:\ti\TivaWare_C_Series-1.0\examples\boards\ek-tm4c123gxl\uart_echo\ccs\..\..\..\..\..\driverlib\ccs\Debug\</path>
         <kind>archive</kind>
         <file>driverlib.lib</file>
         <name>uart.obj</name>
      </input_file>
      <input_file id="fl-9">
         <path>C:\ti\TivaWare_C_Series-1.0\examples\boards\ek-tm4c123gxl\uart_echo\ccs\..\..\..\..\..\driverlib\ccs\Debug\</path>
         <kind>archive</kind>
         <file>driverlib.lib</file>
         <name>timer.obj</name>
      </input_file>
      <input_file id="fl-a">
         <path>C:\ti\TivaWare_C_Series-1.0\examples\boards\ek-tm4c123gxl\uart_echo\ccs\..\..\..\..\..\driverlib\ccs\Debug\</path>
         <kind>archive</kind>
         <file>driverlib.lib</file>
         <name>sysctl.obj</name>
      </input_file>
      <input_file id="fl-b">
         <path>C:\ti\TivaWare_C_Series-1.0\examples\boards\ek-tm4c123gxl\uart_echo\ccs\..\..\..\..\..\driverlib\ccs\Debug\</path>
         <kind>archive</kind>
         <file>driverlib.lib</file>
         <name>interrupt.obj</name>
      </input_file>
      <input_file id="fl-c">
         <path>C:\ti\TivaWare_C_Series-1.0\examples\boards\ek-tm4c123gxl\uart_echo\ccs\..\..\..\..\..\driverlib\ccs\Debug\</path>
         <kind>archive</kind>
         <file>driverlib.lib</file>
         <name>gpio.obj</name>
      </input_file>
      <input_file id="fl-d">
         <path>C:\ti\TivaWare_C_Series-1.0\examples\boards\ek-tm4c123gxl\uart_echo\ccs\..\..\..\..\..\driverlib\ccs\Debug\</path>
         <kind>archive</kind>
         <file>driverlib.lib</file>
         <name>fpu.obj</name>
      </input_file>
      <input_file id="fl-e">
         <path>C:\ti\TivaWare_C_Series-1.0\examples\boards\ek-tm4c123gxl\uart_echo\ccs\..\..\..\..\..\driverlib\ccs\Debug\</path>
         <kind>archive</kind>
         <file>driverlib.lib</file>
         <name>cpu.obj</name>
      </input_file>
      <input_file id="fl-f">
         <path>C:\ti\TivaWare_C_Series-1.0\examples\boards\ek-tm4c123gxl\uart_echo\ccs\..\..\..\..\..\driverlib\ccs\Debug\</path>
         <kind>archive</kind>
         <file>driverlib.lib</file>
         <name>adc.obj</name>
      </input_file>
      <input_file id="fl-139">
         <path>C:\ti\ccsv5\tools\compiler\arm_5.1.1\lib\</path>
         <kind>archive</kind>
         <file>rtsv7M4_T_le_v4SPD16_eabi.lib</file>
         <name>boot.obj</name>
      </input_file>
      <input_file id="fl-13a">
         <path>C:\ti\ccsv5\tools\compiler\arm_5.1.1\lib\</path>
         <kind>archive</kind>
         <file>rtsv7M4_T_le_v4SPD16_eabi.lib</file>
         <name>copy_decompress_none.obj</name>
      </input_file>
      <input_file id="fl-13b">
         <path>C:\ti\ccsv5\tools\compiler\arm_5.1.1\lib\</path>
         <kind>archive</kind>
         <file>rtsv7M4_T_le_v4SPD16_eabi.lib</file>
         <name>copy_decompress_rle.obj</name>
      </input_file>
      <input_file id="fl-13c">
         <path>C:\ti\ccsv5\tools\compiler\arm_5.1.1\lib\</path>
         <kind>archive</kind>
         <file>rtsv7M4_T_le_v4SPD16_eabi.lib</file>
         <name>copy_zero_init.obj</name>
      </input_file>
      <input_file id="fl-13d">
         <path>C:\ti\ccsv5\tools\compiler\arm_5.1.1\lib\</path>
         <kind>archive</kind>
         <file>rtsv7M4_T_le_v4SPD16_eabi.lib</file>
         <name>exit.obj</name>
      </input_file>
      <input_file id="fl-13e">
         <path>C:\ti\ccsv5\tools\compiler\arm_5.1.1\lib\</path>
         <kind>archive</kind>
         <file>rtsv7M4_T_le_v4SPD16_eabi.lib</file>
         <name>fd_mul_t2.obj</name>
      </input_file>
      <input_file id="fl-13f">
         <path>C:\ti\ccsv5\tools\compiler\arm_5.1.1\lib\</path>
         <kind>archive</kind>
         <file>rtsv7M4_T_le_v4SPD16_eabi.lib</file>
         <name>fd_tou_t2.obj</name>
      </input_file>
      <input_file id="fl-140">
         <path>C:\ti\ccsv5\tools\compiler\arm_5.1.1\lib\</path>
         <kind>archive</kind>
         <file>rtsv7M4_T_le_v4SPD16_eabi.lib</file>
         <name>memcpy_t2.obj</name>
      </input_file>
      <input_file id="fl-141">
         <path>C:\ti\ccsv5\tools\compiler\arm_5.1.1\lib\</path>
         <kind>archive</kind>
         <file>rtsv7M4_T_le_v4SPD16_eabi.lib</file>
         <name>memory.obj</name>
      </input_file>
      <input_file id="fl-142">
         <path>C:\ti\ccsv5\tools\compiler\arm_5.1.1\lib\</path>
         <kind>archive</kind>
         <file>rtsv7M4_T_le_v4SPD16_eabi.lib</file>
         <name>sprintf.obj</name>
      </input_file>
      <input_file id="fl-143">
         <path>C:\ti\ccsv5\tools\compiler\arm_5.1.1\lib\</path>
         <kind>archive</kind>
         <file>rtsv7M4_T_le_v4SPD16_eabi.lib</file>
         <name>stkdepth_vars.obj</name>
      </input_file>
      <input_file id="fl-144">
         <path>C:\ti\ccsv5\tools\compiler\arm_5.1.1\lib\</path>
         <kind>archive</kind>
         <file>rtsv7M4_T_le_v4SPD16_eabi.lib</file>
         <name>strlen.obj</name>
      </input_file>
      <input_file id="fl-145">
         <path>C:\ti\ccsv5\tools\compiler\arm_5.1.1\lib\</path>
         <kind>archive</kind>
         <file>rtsv7M4_T_le_v4SPD16_eabi.lib</file>
         <name>u_tofd_t2.obj</name>
      </input_file>
      <input_file id="fl-146">
         <path>C:\ti\ccsv5\tools\compiler\arm_5.1.1\lib\</path>
         <kind>archive</kind>
         <file>rtsv7M4_T_le_v4SPD16_eabi.lib</file>
         <name>_lock.obj</name>
      </input_file>
      <input_file id="fl-147">
         <path>C:\ti\ccsv5\tools\compiler\arm_5.1.1\lib\</path>
         <kind>archive</kind>
         <file>rtsv7M4_T_le_v4SPD16_eabi.lib</file>
         <name>_printfi.obj</name>
      </input_file>
      <input_file id="fl-148">
         <path>C:\ti\ccsv5\tools\compiler\arm_5.1.1\lib\</path>
         <kind>archive</kind>
         <file>rtsv7M4_T_le_v4SPD16_eabi.lib</file>
         <name>args_main.obj</name>
      </input_file>
      <input_file id="fl-149">
         <path>C:\ti\ccsv5\tools\compiler\arm_5.1.1\lib\</path>
         <kind>archive</kind>
         <file>rtsv7M4_T_le_v4SPD16_eabi.lib</file>
         <name>atoi.obj</name>
      </input_file>
      <input_file id="fl-14a">
         <path>C:\ti\ccsv5\tools\compiler\arm_5.1.1\lib\</path>
         <kind>archive</kind>
         <file>rtsv7M4_T_le_v4SPD16_eabi.lib</file>
         <name>auto_init.obj</name>
      </input_file>
      <input_file id="fl-14b">
         <path>C:\ti\ccsv5\tools\compiler\arm_5.1.1\lib\</path>
         <kind>archive</kind>
         <file>rtsv7M4_T_le_v4SPD16_eabi.lib</file>
         <name>cpy_tbl.obj</name>
      </input_file>
      <input_file id="fl-14c">
         <path>C:\ti\ccsv5\tools\compiler\arm_5.1.1\lib\</path>
         <kind>archive</kind>
         <file>rtsv7M4_T_le_v4SPD16_eabi.lib</file>
         <name>ctype.obj</name>
      </input_file>
      <input_file id="fl-14d">
         <path>C:\ti\ccsv5\tools\compiler\arm_5.1.1\lib\</path>
         <kind>archive</kind>
         <file>rtsv7M4_T_le_v4SPD16_eabi.lib</file>
         <name>fd_add_t2.obj</name>
      </input_file>
      <input_file id="fl-14e">
         <path>C:\ti\ccsv5\tools\compiler\arm_5.1.1\lib\</path>
         <kind>archive</kind>
         <file>rtsv7M4_T_le_v4SPD16_eabi.lib</file>
         <name>fd_cmp_t2.obj</name>
      </input_file>
      <input_file id="fl-14f">
         <path>C:\ti\ccsv5\tools\compiler\arm_5.1.1\lib\</path>
         <kind>archive</kind>
         <file>rtsv7M4_T_le_v4SPD16_eabi.lib</file>
         <name>fd_div_t2.obj</name>
      </input_file>
      <input_file id="fl-150">
         <path>C:\ti\ccsv5\tools\compiler\arm_5.1.1\lib\</path>
         <kind>archive</kind>
         <file>rtsv7M4_T_le_v4SPD16_eabi.lib</file>
         <name>fd_toi_t2.obj</name>
      </input_file>
      <input_file id="fl-151">
         <path>C:\ti\ccsv5\tools\compiler\arm_5.1.1\lib\</path>
         <kind>archive</kind>
         <file>rtsv7M4_T_le_v4SPD16_eabi.lib</file>
         <name>i_tofd_t2.obj</name>
      </input_file>
      <input_file id="fl-152">
         <path>C:\ti\ccsv5\tools\compiler\arm_5.1.1\lib\</path>
         <kind>archive</kind>
         <file>rtsv7M4_T_le_v4SPD16_eabi.lib</file>
         <name>ll_mul_t2.obj</name>
      </input_file>
      <input_file id="fl-153">
         <path>C:\ti\ccsv5\tools\compiler\arm_5.1.1\lib\</path>
         <kind>archive</kind>
         <file>rtsv7M4_T_le_v4SPD16_eabi.lib</file>
         <name>ltoa.obj</name>
      </input_file>
      <input_file id="fl-154">
         <path>C:\ti\ccsv5\tools\compiler\arm_5.1.1\lib\</path>
         <kind>archive</kind>
         <file>rtsv7M4_T_le_v4SPD16_eabi.lib</file>
         <name>memccpy.obj</name>
      </input_file>
      <input_file id="fl-155">
         <path>C:\ti\ccsv5\tools\compiler\arm_5.1.1\lib\</path>
         <kind>archive</kind>
         <file>rtsv7M4_T_le_v4SPD16_eabi.lib</file>
         <name>memset_t2.obj</name>
      </input_file>
      <input_file id="fl-156">
         <path>C:\ti\ccsv5\tools\compiler\arm_5.1.1\lib\</path>
         <kind>archive</kind>
         <file>rtsv7M4_T_le_v4SPD16_eabi.lib</file>
         <name>ull_div_t2.obj</name>
      </input_file>
      <input_file id="fl-157">
         <path>C:\ti\ccsv5\tools\compiler\arm_5.1.1\lib\</path>
         <kind>archive</kind>
         <file>rtsv7M4_T_le_v4SPD16_eabi.lib</file>
         <name>xdclass.obj</name>
      </input_file>
      <input_file id="fl-158">
         <path>C:\ti\ccsv5\tools\compiler\arm_5.1.1\lib\</path>
         <kind>archive</kind>
         <file>rtsv7M4_T_le_v4SPD16_eabi.lib</file>
         <name>xdtest.obj</name>
      </input_file>
   </input_file_list>
   <object_component_list>
      <object_component id="oc-e">
         <name>.intvecs</name>
         <load_address>0x0</load_address>
         <run_address>0x0</run_address>
         <size>0x26c</size>
         <input_file_ref idref="fl-3"/>
      </object_component>
      <object_component id="oc-b1">
         <name>.text:main</name>
         <load_address>0x26c</load_address>
         <run_address>0x26c</run_address>
         <size>0x41c</size>
         <input_file_ref idref="fl-2"/>
      </object_component>
      <object_component id="oc-1e6">
         <name>.text</name>
         <load_address>0x688</load_address>
         <run_address>0x688</run_address>
         <size>0x3cc</size>
         <input_file_ref idref="fl-141"/>
      </object_component>
      <object_component id="oc-150">
         <name>.text:getPath</name>
         <load_address>0xa54</load_address>
         <run_address>0xa54</run_address>
         <size>0x204</size>
         <input_file_ref idref="fl-2"/>
      </object_component>
      <object_component id="oc-155">
         <name>.text:pathToAction</name>
         <load_address>0xc58</load_address>
         <run_address>0xc58</run_address>
         <size>0x16c</size>
         <input_file_ref idref="fl-2"/>
      </object_component>
      <object_component id="oc-15f">
         <name>.text:goto_point</name>
         <load_address>0xdc4</load_address>
         <run_address>0xdc4</run_address>
         <size>0x15c</size>
         <input_file_ref idref="fl-2"/>
      </object_component>
      <object_component id="oc-fe">
         <name>.text:SysCtlClockSet</name>
         <load_address>0xf20</load_address>
         <run_address>0xf20</run_address>
         <size>0x110</size>
         <input_file_ref idref="fl-a"/>
      </object_component>
      <object_component id="oc-271">
         <name>.text</name>
         <load_address>0x1030</load_address>
         <run_address>0x1030</run_address>
         <size>0xfc</size>
         <input_file_ref idref="fl-13e"/>
      </object_component>
      <object_component id="oc-1b3">
         <name>.text:GPIOPadConfigSet</name>
         <load_address>0x112c</load_address>
         <run_address>0x112c</run_address>
         <size>0xc8</size>
         <input_file_ref idref="fl-c"/>
      </object_component>
      <object_component id="oc-11a">
         <name>.text:SysCtlClockGet</name>
         <load_address>0x11f4</load_address>
         <run_address>0x11f4</run_address>
         <size>0xc4</size>
         <input_file_ref idref="fl-a"/>
      </object_component>
      <object_component id="oc-16d">
         <name>.text:read_next_byte</name>
         <load_address>0x12b8</load_address>
         <run_address>0x12b8</run_address>
         <size>0xb0</size>
         <input_file_ref idref="fl-2"/>
      </object_component>
      <object_component id="oc-1f5">
         <name>.text:remove_node</name>
         <load_address>0x1368</load_address>
         <run_address>0x1368</run_address>
         <size>0x9e</size>
         <input_file_ref idref="fl-2"/>
      </object_component>
      <object_component id="oc-5d">
         <name>.text</name>
         <load_address>0x1406</load_address>
         <run_address>0x1406</run_address>
         <size>0x9c</size>
         <input_file_ref idref="fl-140"/>
      </object_component>
      <object_component id="oc-30">
         <name>.text:FaultISR</name>
         <load_address>0x14a2</load_address>
         <run_address>0x14a2</run_address>
         <size>0x2</size>
         <input_file_ref idref="fl-3"/>
      </object_component>
      <object_component id="oc-4c">
         <name>.text</name>
         <load_address>0x14a4</load_address>
         <run_address>0x14a4</run_address>
         <size>0x94</size>
         <input_file_ref idref="fl-14a"/>
      </object_component>
      <object_component id="oc-22a">
         <name>.text:readSensorVoltage</name>
         <load_address>0x1538</load_address>
         <run_address>0x1538</run_address>
         <size>0x8c</size>
         <input_file_ref idref="fl-2"/>
      </object_component>
      <object_component id="oc-22f">
         <name>.text:lookupDistance</name>
         <load_address>0x15c4</load_address>
         <run_address>0x15c4</run_address>
         <size>0x86</size>
         <input_file_ref idref="fl-2"/>
      </object_component>
      <object_component id="oc-12e">
         <name>.text:ADCSequenceStepConfigure</name>
         <load_address>0x164a</load_address>
         <run_address>0x164a</run_address>
         <size>0x6c</size>
         <input_file_ref idref="fl-f"/>
      </object_component>
      <object_component id="oc-35">
         <name>.text:IntDefaultHandler</name>
         <load_address>0x16b6</load_address>
         <run_address>0x16b6</run_address>
         <size>0x2</size>
         <input_file_ref idref="fl-3"/>
      </object_component>
      <object_component id="oc-210">
         <name>.text:turn</name>
         <load_address>0x16b8</load_address>
         <run_address>0x16b8</run_address>
         <size>0x6c</size>
         <input_file_ref idref="fl-2"/>
      </object_component>
      <object_component id="oc-122">
         <name>.text:IntEnable</name>
         <load_address>0x1724</load_address>
         <run_address>0x1724</run_address>
         <size>0x64</size>
         <input_file_ref idref="fl-b"/>
      </object_component>
      <object_component id="oc-6f">
         <name>.text</name>
         <load_address>0x1788</load_address>
         <run_address>0x1788</run_address>
         <size>0x5e</size>
         <input_file_ref idref="fl-13b"/>
      </object_component>
      <object_component id="oc-2b">
         <name>.text:NmiSR</name>
         <load_address>0x17e6</load_address>
         <run_address>0x17e6</run_address>
         <size>0x2</size>
         <input_file_ref idref="fl-3"/>
      </object_component>
      <object_component id="oc-215">
         <name>.text:follow_segment</name>
         <load_address>0x17e8</load_address>
         <run_address>0x17e8</run_address>
         <size>0x5c</size>
         <input_file_ref idref="fl-2"/>
      </object_component>
      <object_component id="oc-3f">
         <name>.text:UART3IntHandler</name>
         <load_address>0x1844</load_address>
         <run_address>0x1844</run_address>
         <size>0x50</size>
         <input_file_ref idref="fl-2"/>
      </object_component>
      <object_component id="oc-44">
         <name>.text:UART4IntHandler</name>
         <load_address>0x1894</load_address>
         <run_address>0x1894</run_address>
         <size>0x50</size>
         <input_file_ref idref="fl-2"/>
      </object_component>
      <object_component id="oc-1f0">
         <name>.text:add_node</name>
         <load_address>0x18e4</load_address>
         <run_address>0x18e4</run_address>
         <size>0x4c</size>
         <input_file_ref idref="fl-2"/>
      </object_component>
      <object_component id="oc-10e">
         <name>.text:GPIOPinConfigure</name>
         <load_address>0x1930</load_address>
         <run_address>0x1930</run_address>
         <size>0x48</size>
         <input_file_ref idref="fl-c"/>
      </object_component>
      <object_component id="oc-10">
         <name>.text</name>
         <load_address>0x1978</load_address>
         <run_address>0x1978</run_address>
         <size>0x48</size>
         <input_file_ref idref="fl-139"/>
      </object_component>
      <object_component id="oc-ab">
         <name>.text</name>
         <load_address>0x19c0</load_address>
         <run_address>0x19c0</run_address>
         <size>0x44</size>
         <input_file_ref idref="fl-14b"/>
      </object_component>
      <object_component id="oc-55">
         <name>.text</name>
         <load_address>0x1a04</load_address>
         <run_address>0x1a04</run_address>
         <size>0x44</size>
         <input_file_ref idref="fl-13d"/>
      </object_component>
      <object_component id="oc-275">
         <name>.text</name>
         <load_address>0x1a48</load_address>
         <run_address>0x1a48</run_address>
         <size>0x44</size>
         <input_file_ref idref="fl-13f"/>
      </object_component>
      <object_component id="oc-11e">
         <name>.text:UARTConfigSetExpClk</name>
         <load_address>0x1a8c</load_address>
         <run_address>0x1a8c</run_address>
         <size>0x42</size>
         <input_file_ref idref="fl-8"/>
      </object_component>
      <object_component id="oc-1fa">
         <name>.text:isInList</name>
         <load_address>0x1ace</load_address>
         <run_address>0x1ace</run_address>
         <size>0x3a</size>
         <input_file_ref idref="fl-2"/>
      </object_component>
      <object_component id="oc-146">
         <name>.text:initializeGrid</name>
         <load_address>0x1b08</load_address>
         <run_address>0x1b08</run_address>
         <size>0x36</size>
         <input_file_ref idref="fl-2"/>
      </object_component>
      <object_component id="oc-102">
         <name>.text:SysCtlPeripheralEnable</name>
         <load_address>0x1b40</load_address>
         <run_address>0x1b40</run_address>
         <size>0x34</size>
         <input_file_ref idref="fl-a"/>
      </object_component>
      <object_component id="oc-265">
         <name>.text:ADCIntStatus</name>
         <load_address>0x1b74</load_address>
         <run_address>0x1b74</run_address>
         <size>0x2e</size>
         <input_file_ref idref="fl-f"/>
      </object_component>
      <object_component id="oc-1b7">
         <name>.text:GPIODirModeSet</name>
         <load_address>0x1ba2</load_address>
         <run_address>0x1ba2</run_address>
         <size>0x2e</size>
         <input_file_ref idref="fl-c"/>
      </object_component>
      <object_component id="oc-12a">
         <name>.text:ADCSequenceConfigure</name>
         <load_address>0x1bd0</load_address>
         <run_address>0x1bd0</run_address>
         <size>0x2a</size>
         <input_file_ref idref="fl-f"/>
      </object_component>
      <object_component id="oc-13a">
         <name>.text:TimerConfigure</name>
         <load_address>0x1bfc</load_address>
         <run_address>0x1bfc</run_address>
         <size>0x28</size>
         <input_file_ref idref="fl-9"/>
      </object_component>
      <object_component id="oc-164">
         <name>.text:UART3Send</name>
         <load_address>0x1c24</load_address>
         <run_address>0x1c24</run_address>
         <size>0x28</size>
         <input_file_ref idref="fl-2"/>
      </object_component>
      <object_component id="oc-14b">
         <name>.text:UART4Send</name>
         <load_address>0x1c4c</load_address>
         <run_address>0x1c4c</run_address>
         <size>0x28</size>
         <input_file_ref idref="fl-2"/>
      </object_component>
      <object_component id="oc-172">
         <name>.text:getDistances</name>
         <load_address>0x1c74</load_address>
         <run_address>0x1c74</run_address>
         <size>0x22</size>
         <input_file_ref idref="fl-2"/>
      </object_component>
      <object_component id="oc-204">
         <name>.text:resetGrid</name>
         <load_address>0x1c96</load_address>
         <run_address>0x1c96</run_address>
         <size>0x22</size>
         <input_file_ref idref="fl-2"/>
      </object_component>
      <object_component id="oc-269">
         <name>.text:ADCSequenceDataGet</name>
         <load_address>0x1cb8</load_address>
         <run_address>0x1cb8</run_address>
         <size>0x20</size>
         <input_file_ref idref="fl-f"/>
      </object_component>
      <object_component id="oc-26d">
         <name>.text</name>
         <load_address>0x1cd8</load_address>
         <run_address>0x1cd8</run_address>
         <size>0x20</size>
         <input_file_ref idref="fl-145"/>
      </object_component>
      <object_component id="oc-3a">
         <name>.text:Timer0IntHandler</name>
         <load_address>0x1cf8</load_address>
         <run_address>0x1cf8</run_address>
         <size>0x1c</size>
         <input_file_ref idref="fl-2"/>
      </object_component>
      <object_component id="oc-1ca">
         <name>.text:UARTDisable</name>
         <load_address>0x1d14</load_address>
         <run_address>0x1d14</run_address>
         <size>0x1c</size>
         <input_file_ref idref="fl-8"/>
      </object_component>
      <object_component id="oc-50">
         <name>.text</name>
         <load_address>0x1d30</load_address>
         <run_address>0x1d30</run_address>
         <size>0x18</size>
         <input_file_ref idref="fl-148"/>
      </object_component>
      <object_component id="oc-261">
         <name>.text:ADCProcessorTrigger</name>
         <load_address>0x1d48</load_address>
         <run_address>0x1d48</run_address>
         <size>0x16</size>
         <input_file_ref idref="fl-f"/>
      </object_component>
      <object_component id="oc-224">
         <name>.text:TimerDisable</name>
         <load_address>0x1d60</load_address>
         <run_address>0x1d60</run_address>
         <size>0x14</size>
         <input_file_ref idref="fl-9"/>
      </object_component>
      <object_component id="oc-1ce">
         <name>.text:UARTEnable</name>
         <load_address>0x1d74</load_address>
         <run_address>0x1d74</run_address>
         <size>0x14</size>
         <input_file_ref idref="fl-8"/>
      </object_component>
      <object_component id="oc-15a">
         <name>.text:freePath</name>
         <load_address>0x1d88</load_address>
         <run_address>0x1d88</run_address>
         <size>0x14</size>
         <input_file_ref idref="fl-2"/>
      </object_component>
      <object_component id="oc-18a">
         <name>.text</name>
         <load_address>0x1d9c</load_address>
         <run_address>0x1d9c</run_address>
         <size>0x14</size>
         <input_file_ref idref="fl-146"/>
      </object_component>
      <object_component id="oc-116">
         <name>.text:GPIOPinTypeADC</name>
         <load_address>0x1db0</load_address>
         <run_address>0x1db0</run_address>
         <size>0x12</size>
         <input_file_ref idref="fl-c"/>
      </object_component>
      <object_component id="oc-106">
         <name>.text:GPIOPinTypeGPIOOutput</name>
         <load_address>0x1dc2</load_address>
         <run_address>0x1dc2</run_address>
         <size>0x12</size>
         <input_file_ref idref="fl-c"/>
      </object_component>
      <object_component id="oc-112">
         <name>.text:GPIOPinTypeUART</name>
         <load_address>0x1dd4</load_address>
         <run_address>0x1dd4</run_address>
         <size>0x12</size>
         <input_file_ref idref="fl-c"/>
      </object_component>
      <object_component id="oc-13e">
         <name>.text:TimerLoadSet</name>
         <load_address>0x1de6</load_address>
         <run_address>0x1de6</run_address>
         <size>0x12</size>
         <input_file_ref idref="fl-9"/>
      </object_component>
      <object_component id="oc-19">
         <name>.text:decompress:ZI</name>
         <load_address>0x1df8</load_address>
         <run_address>0x1df8</run_address>
         <size>0x12</size>
         <input_file_ref idref="fl-13c"/>
      </object_component>
      <object_component id="oc-f6">
         <name>.text:FPUEnable</name>
         <load_address>0x1e0c</load_address>
         <run_address>0x1e0c</run_address>
         <size>0x10</size>
         <input_file_ref idref="fl-d"/>
      </object_component>
      <object_component id="oc-fa">
         <name>.text:FPULazyStackingEnable</name>
         <load_address>0x1e1c</load_address>
         <run_address>0x1e1c</run_address>
         <size>0x10</size>
         <input_file_ref idref="fl-d"/>
      </object_component>
      <object_component id="oc-91">
         <name>.text:UARTCharGetNonBlocking</name>
         <load_address>0x1e2c</load_address>
         <run_address>0x1e2c</run_address>
         <size>0x10</size>
         <input_file_ref idref="fl-8"/>
      </object_component>
      <object_component id="oc-1e1">
         <name>.text:UARTCharPutNonBlocking</name>
         <load_address>0x1e3c</load_address>
         <run_address>0x1e3c</run_address>
         <size>0x10</size>
         <input_file_ref idref="fl-8"/>
      </object_component>
      <object_component id="oc-1ff">
         <name>.text:heuristic</name>
         <load_address>0x1e4c</load_address>
         <run_address>0x1e4c</run_address>
         <size>0x10</size>
         <input_file_ref idref="fl-2"/>
      </object_component>
      <object_component id="oc-132">
         <name>.text:ADCSequenceEnable</name>
         <load_address>0x1e5c</load_address>
         <run_address>0x1e5c</run_address>
         <size>0xe</size>
         <input_file_ref idref="fl-f"/>
      </object_component>
      <object_component id="oc-220">
         <name>.text:TimerEnable</name>
         <load_address>0x1e6a</load_address>
         <run_address>0x1e6a</run_address>
         <size>0xe</size>
         <input_file_ref idref="fl-9"/>
      </object_component>
      <object_component id="oc-14">
         <name>.text:decompress:none</name>
         <load_address>0x1e78</load_address>
         <run_address>0x1e78</run_address>
         <size>0xe</size>
         <input_file_ref idref="fl-13a"/>
      </object_component>
      <object_component id="oc-1bc">
         <name>.text:CPUcpsie</name>
         <load_address>0x1e86</load_address>
         <run_address>0x1e86</run_address>
         <size>0xc</size>
         <input_file_ref idref="fl-e"/>
      </object_component>
      <object_component id="oc-95">
         <name>.text:UARTCharsAvail</name>
         <load_address>0x1e92</load_address>
         <run_address>0x1e92</run_address>
         <size>0xc</size>
         <input_file_ref idref="fl-8"/>
      </object_component>
      <object_component id="oc-136">
         <name>.text:ADCIntClear</name>
         <load_address>0x1e9e</load_address>
         <run_address>0x1e9e</run_address>
         <size>0xa</size>
         <input_file_ref idref="fl-f"/>
      </object_component>
      <object_component id="oc-169">
         <name>.text:GPIOPinWrite</name>
         <load_address>0x1ea8</load_address>
         <run_address>0x1ea8</run_address>
         <size>0xa</size>
         <input_file_ref idref="fl-c"/>
      </object_component>
      <object_component id="oc-10a">
         <name>.text:IntMasterEnable</name>
         <load_address>0x1eb2</load_address>
         <run_address>0x1eb2</run_address>
         <size>0xa</size>
         <input_file_ref idref="fl-b"/>
      </object_component>
      <object_component id="oc-89">
         <name>.text:UARTIntStatus</name>
         <load_address>0x1ebc</load_address>
         <run_address>0x1ebc</run_address>
         <size>0xa</size>
         <input_file_ref idref="fl-8"/>
      </object_component>
      <object_component id="oc-142">
         <name>.text:TimerIntEnable</name>
         <load_address>0x1ec6</load_address>
         <run_address>0x1ec6</run_address>
         <size>0x8</size>
         <input_file_ref idref="fl-9"/>
      </object_component>
      <object_component id="oc-126">
         <name>.text:UARTIntEnable</name>
         <load_address>0x1ece</load_address>
         <run_address>0x1ece</run_address>
         <size>0x8</size>
         <input_file_ref idref="fl-8"/>
      </object_component>
      <object_component id="oc-1eb">
         <name>.text:initializeList</name>
         <load_address>0x1ed6</load_address>
         <run_address>0x1ed6</run_address>
         <size>0x8</size>
         <input_file_ref idref="fl-2"/>
      </object_component>
      <object_component id="oc-26">
         <name>.text:ResetISR</name>
         <load_address>0x1ede</load_address>
         <run_address>0x1ede</run_address>
         <size>0x6</size>
         <input_file_ref idref="fl-3"/>
      </object_component>
      <object_component id="oc-1af">
         <name>.text:SysCtlDelay</name>
         <load_address>0x1ee4</load_address>
         <run_address>0x1ee4</run_address>
         <size>0x6</size>
         <input_file_ref idref="fl-a"/>
      </object_component>
      <object_component id="oc-1e">
         <name>.text:decompress:rle24</name>
         <load_address>0x1eea</load_address>
         <run_address>0x1eea</run_address>
         <size>0x6</size>
         <input_file_ref idref="fl-13b"/>
      </object_component>
      <object_component id="oc-82">
         <name>.text:TimerIntClear</name>
         <load_address>0x1ef0</load_address>
         <run_address>0x1ef0</run_address>
         <size>0x4</size>
         <input_file_ref idref="fl-9"/>
      </object_component>
      <object_component id="oc-8d">
         <name>.text:UARTIntClear</name>
         <load_address>0x1ef4</load_address>
         <run_address>0x1ef4</run_address>
         <size>0x4</size>
         <input_file_ref idref="fl-8"/>
      </object_component>
      <object_component id="oc-1c1">
         <name>.const:g_pui32GPIOBaseAddrs</name>
         <load_address>0x1ef8</load_address>
         <run_address>0x1ef8</run_address>
         <size>0x78</size>
         <input_file_ref idref="fl-c"/>
      </object_component>
      <object_component id="oc-1d3">
         <name>.const</name>
         <load_address>0x1f70</load_address>
         <run_address>0x1f70</run_address>
         <size>0x70</size>
         <input_file_ref idref="fl-b"/>
      </object_component>
      <object_component id="oc-1c7">
         <name>.const:g_pui32Xtals</name>
         <load_address>0x1fe0</load_address>
         <run_address>0x1fe0</run_address>
         <size>0x6c</size>
         <input_file_ref idref="fl-a"/>
      </object_component>
      <object_component id="oc-17f">
         <name>.const:.string</name>
         <load_address>0x204c</load_address>
         <run_address>0x204c</run_address>
         <size>0xf</size>
         <input_file_ref idref="fl-2"/>
      </object_component>
      <object_component id="oc-2a0">
         <name>.cinit..data.load</name>
         <load_address>0x2060</load_address>
         <run_address>0x2060</run_address>
         <size>0x3a</size>
      </object_component>
      <object_component id="oc-29e">
         <name>__TI_handler_table</name>
         <load_address>0x209c</load_address>
         <run_address>0x209c</run_address>
         <size>0xc</size>
      </object_component>
      <object_component id="oc-2a1">
         <name>.cinit..bss.load</name>
         <load_address>0x20a8</load_address>
         <run_address>0x20a8</run_address>
         <size>0x8</size>
      </object_component>
      <object_component id="oc-29f">
         <name>__TI_cinit_table</name>
         <load_address>0x20b0</load_address>
         <run_address>0x20b0</run_address>
         <size>0x10</size>
      </object_component>
      <object_component id="oc-5a">
         <name>.data</name>
         <load_address>0x200021b4</load_address>
         <run_address>0x200021b4</run_address>
         <size>0x4</size>
         <input_file_ref idref="fl-143"/>
      </object_component>
      <object_component id="oc-86">
         <name>.data</name>
         <load_address>0x20002178</load_address>
         <run_address>0x20002178</run_address>
         <size>0x1e</size>
         <input_file_ref idref="fl-2"/>
      </object_component>
      <object_component id="oc-b8">
         <name>.data</name>
         <load_address>0x200021a4</load_address>
         <run_address>0x200021a4</run_address>
         <size>0x8</size>
         <input_file_ref idref="fl-146"/>
      </object_component>
      <object_component id="oc-ba">
         <name>.data</name>
         <load_address>0x200021ac</load_address>
         <run_address>0x200021ac</run_address>
         <size>0x8</size>
         <input_file_ref idref="fl-13d"/>
      </object_component>
      <object_component id="oc-252">
         <name>.data</name>
         <load_address>0x20002198</load_address>
         <run_address>0x20002198</run_address>
         <size>0xc</size>
         <input_file_ref idref="fl-141"/>
      </object_component>
      <object_component id="oc-99">
         <name>.bss:PiBuffer</name>
         <uninitialized>true</uninitialized>
         <run_address>0x200010a0</run_address>
         <size>0x64</size>
         <input_file_ref idref="fl-2"/>
      </object_component>
      <object_component id="oc-a1">
         <name>.bss:XBeeBuffer</name>
         <uninitialized>true</uninitialized>
         <run_address>0x20001104</run_address>
         <size>0x64</size>
         <input_file_ref idref="fl-2"/>
      </object_component>
      <object_component id="oc-177">
         <name>.bss:grid</name>
         <uninitialized>true</uninitialized>
         <run_address>0x20000000</run_address>
         <size>0xfa0</size>
         <input_file_ref idref="fl-2"/>
      </object_component>
      <object_component id="oc-17d">
         <name>.bss:command</name>
         <uninitialized>true</uninitialized>
         <run_address>0x20000fa0</run_address>
         <size>0x100</size>
         <input_file_ref idref="fl-2"/>
      </object_component>
      <object_component id="oc-21b">
         <name>.common:CardinalDir</name>
         <uninitialized>true</uninitialized>
         <run_address>0x20001168</run_address>
         <size>0x4</size>
      </object_component>
      <object_component id="oc-21a">
         <name>.common:curCol</name>
         <uninitialized>true</uninitialized>
         <run_address>0x20001170</run_address>
         <size>0x1</size>
      </object_component>
      <object_component id="oc-21c">
         <name>.common:curRow</name>
         <uninitialized>true</uninitialized>
         <run_address>0x20001171</run_address>
         <size>0x1</size>
      </object_component>
      <object_component id="oc-20a">
         <name>.common:Distance</name>
         <uninitialized>true</uninitialized>
         <run_address>0x2000116c</run_address>
         <size>0x4</size>
      </object_component>
      <object_component id="oc-279">
         <name>.common:temp</name>
         <uninitialized>true</uninitialized>
         <run_address>0x20001172</run_address>
         <size>0x1</size>
      </object_component>
      <object_component id="oc-24">
         <name>.sysmem</name>
         <uninitialized>true</uninitialized>
         <run_address>0x20001978</run_address>
         <size>0x8</size>
         <input_file_ref idref="fl-141"/>
      </object_component>
      <object_component id="oc-2a3">
         <name>.sysmem</name>
         <uninitialized>true</uninitialized>
         <run_address>0x20001978</run_address>
         <size>0x0</size>
      </object_component>
      <object_component id="oc-23">
         <name>.stack</name>
         <uninitialized>true</uninitialized>
         <run_address>0x20001174</run_address>
         <size>0x0</size>
         <input_file_ref idref="fl-139"/>
      </object_component>
      <object_component id="oc-2a2">
         <name>.stack</name>
         <uninitialized>true</uninitialized>
         <run_address>0x20001174</run_address>
         <size>0x0</size>
      </object_component>
      <object_component id="oc-f">
         <name>.debug_info</name>
         <load_address>0x0</load_address>
         <run_address>0x0</run_address>
         <size>0xd3</size>
         <input_file_ref idref="fl-3"/>
      </object_component>
      <object_component id="oc-11">
         <name>.debug_info</name>
         <load_address>0xd3</load_address>
         <run_address>0xd3</run_address>
         <size>0xf3</size>
         <input_file_ref idref="fl-139"/>
      </object_component>
      <object_component id="oc-15">
         <name>.debug_info</name>
         <load_address>0x1c6</load_address>
         <run_address>0x1c6</run_address>
         <size>0x194</size>
         <input_file_ref idref="fl-13a"/>
      </object_component>
      <object_component id="oc-1a">
         <name>.debug_info</name>
         <load_address>0x35a</load_address>
         <run_address>0x35a</run_address>
         <size>0x16a</size>
         <input_file_ref idref="fl-13c"/>
      </object_component>
      <object_component id="oc-20">
         <name>.debug_info</name>
         <load_address>0x4c4</load_address>
         <run_address>0x4c4</run_address>
         <size>0x18e</size>
         <input_file_ref idref="fl-13b"/>
      </object_component>
      <object_component id="oc-25">
         <name>.debug_info</name>
         <load_address>0x652</load_address>
         <run_address>0x652</run_address>
         <size>0xb6</size>
         <input_file_ref idref="fl-141"/>
      </object_component>
      <object_component id="oc-27">
         <name>.debug_info</name>
         <load_address>0x708</load_address>
         <run_address>0x708</run_address>
         <size>0x103</size>
         <input_file_ref idref="fl-3"/>
      </object_component>
      <object_component id="oc-2c">
         <name>.debug_info</name>
         <load_address>0x80b</load_address>
         <run_address>0x80b</run_address>
         <size>0xf4</size>
         <input_file_ref idref="fl-3"/>
      </object_component>
      <object_component id="oc-31">
         <name>.debug_info</name>
         <load_address>0x8ff</load_address>
         <run_address>0x8ff</run_address>
         <size>0xfa</size>
         <input_file_ref idref="fl-3"/>
      </object_component>
      <object_component id="oc-36">
         <name>.debug_info</name>
         <load_address>0x9f9</load_address>
         <run_address>0x9f9</run_address>
         <size>0x10c</size>
         <input_file_ref idref="fl-3"/>
      </object_component>
      <object_component id="oc-3b">
         <name>.debug_info</name>
         <load_address>0xb05</load_address>
         <run_address>0xb05</run_address>
         <size>0x121</size>
         <input_file_ref idref="fl-2"/>
      </object_component>
      <object_component id="oc-40">
         <name>.debug_info</name>
         <load_address>0xc26</load_address>
         <run_address>0xc26</run_address>
         <size>0x181</size>
         <input_file_ref idref="fl-2"/>
      </object_component>
      <object_component id="oc-45">
         <name>.debug_info</name>
         <load_address>0xda7</load_address>
         <run_address>0xda7</run_address>
         <size>0x181</size>
         <input_file_ref idref="fl-2"/>
      </object_component>
      <object_component id="oc-4b">
         <name>.debug_info</name>
         <load_address>0xf28</load_address>
         <run_address>0xf28</run_address>
         <size>0x162</size>
         <input_file_ref idref="fl-3"/>
      </object_component>
      <object_component id="oc-4e">
         <name>.debug_info</name>
         <load_address>0x108a</load_address>
         <run_address>0x108a</run_address>
         <size>0x13d</size>
         <input_file_ref idref="fl-14a"/>
      </object_component>
      <object_component id="oc-51">
         <name>.debug_info</name>
         <load_address>0x11c7</load_address>
         <run_address>0x11c7</run_address>
         <size>0x11c</size>
         <input_file_ref idref="fl-148"/>
      </object_component>
      <object_component id="oc-56">
         <name>.debug_info</name>
         <load_address>0x12e3</load_address>
         <run_address>0x12e3</run_address>
         <size>0x1c2</size>
         <input_file_ref idref="fl-13d"/>
      </object_component>
      <object_component id="oc-5b">
         <name>.debug_info</name>
         <load_address>0x14a5</load_address>
         <run_address>0x14a5</run_address>
         <size>0xbe</size>
         <input_file_ref idref="fl-143"/>
      </object_component>
      <object_component id="oc-5e">
         <name>.debug_info</name>
         <load_address>0x1563</load_address>
         <run_address>0x1563</run_address>
         <size>0xcc</size>
         <input_file_ref idref="fl-140"/>
      </object_component>
      <object_component id="oc-62">
         <name>.debug_info</name>
         <load_address>0x162f</load_address>
         <run_address>0x162f</run_address>
         <size>0x46</size>
         <input_file_ref idref="fl-13a"/>
      </object_component>
      <object_component id="oc-67">
         <name>.debug_info</name>
         <load_address>0x1675</load_address>
         <run_address>0x1675</run_address>
         <size>0xf2</size>
         <input_file_ref idref="fl-13a"/>
      </object_component>
      <object_component id="oc-69">
         <name>.debug_info</name>
         <load_address>0x1767</load_address>
         <run_address>0x1767</run_address>
         <size>0x46</size>
         <input_file_ref idref="fl-13c"/>
      </object_component>
      <object_component id="oc-6e">
         <name>.debug_info</name>
         <load_address>0x17ad</load_address>
         <run_address>0x17ad</run_address>
         <size>0xad</size>
         <input_file_ref idref="fl-13c"/>
      </object_component>
      <object_component id="oc-71">
         <name>.debug_info</name>
         <load_address>0x185a</load_address>
         <run_address>0x185a</run_address>
         <size>0x1ef</size>
         <input_file_ref idref="fl-13b"/>
      </object_component>
      <object_component id="oc-75">
         <name>.debug_info</name>
         <load_address>0x1a49</load_address>
         <run_address>0x1a49</run_address>
         <size>0xb7</size>
         <input_file_ref idref="fl-13b"/>
      </object_component>
      <object_component id="oc-76">
         <name>.debug_info</name>
         <load_address>0x1b00</load_address>
         <run_address>0x1b00</run_address>
         <size>0x39</size>
         <input_file_ref idref="fl-13b"/>
      </object_component>
      <object_component id="oc-7d">
         <name>.debug_info</name>
         <load_address>0x1b39</load_address>
         <run_address>0x1b39</run_address>
         <size>0x1d7</size>
         <input_file_ref idref="fl-141"/>
      </object_component>
      <object_component id="oc-83">
         <name>.debug_info</name>
         <load_address>0x1d10</load_address>
         <run_address>0x1d10</run_address>
         <size>0x1da</size>
         <input_file_ref idref="fl-9"/>
      </object_component>
      <object_component id="oc-87">
         <name>.debug_info</name>
         <load_address>0x1eea</load_address>
         <run_address>0x1eea</run_address>
         <size>0x21d</size>
         <input_file_ref idref="fl-2"/>
      </object_component>
      <object_component id="oc-8a">
         <name>.debug_info</name>
         <load_address>0x2107</load_address>
         <run_address>0x2107</run_address>
         <size>0x1c7</size>
         <input_file_ref idref="fl-8"/>
      </object_component>
      <object_component id="oc-8e">
         <name>.debug_info</name>
         <load_address>0x22ce</load_address>
         <run_address>0x22ce</run_address>
         <size>0x1d5</size>
         <input_file_ref idref="fl-8"/>
      </object_component>
      <object_component id="oc-92">
         <name>.debug_info</name>
         <load_address>0x24a3</load_address>
         <run_address>0x24a3</run_address>
         <size>0x1ab</size>
         <input_file_ref idref="fl-8"/>
      </object_component>
      <object_component id="oc-96">
         <name>.debug_info</name>
         <load_address>0x264e</load_address>
         <run_address>0x264e</run_address>
         <size>0x19b</size>
         <input_file_ref idref="fl-8"/>
      </object_component>
      <object_component id="oc-9a">
         <name>.debug_info</name>
         <load_address>0x27e9</load_address>
         <run_address>0x27e9</run_address>
         <size>0xc9</size>
         <input_file_ref idref="fl-2"/>
      </object_component>
      <object_component id="oc-9c">
         <name>.debug_info</name>
         <load_address>0x28b2</load_address>
         <run_address>0x28b2</run_address>
         <size>0x18b</size>
         <input_file_ref idref="fl-2"/>
      </object_component>
      <object_component id="oc-a2">
         <name>.debug_info</name>
         <load_address>0x2a3d</load_address>
         <run_address>0x2a3d</run_address>
         <size>0xcd</size>
         <input_file_ref idref="fl-2"/>
      </object_component>
      <object_component id="oc-a6">
         <name>.debug_info</name>
         <load_address>0x2b0a</load_address>
         <run_address>0x2b0a</run_address>
         <size>0x84</size>
         <input_file_ref idref="fl-2"/>
      </object_component>
      <object_component id="oc-ac">
         <name>.debug_info</name>
         <load_address>0x2b8e</load_address>
         <run_address>0x2b8e</run_address>
         <size>0x14b</size>
         <input_file_ref idref="fl-14b"/>
      </object_component>
      <object_component id="oc-b2">
         <name>.debug_info</name>
         <load_address>0x2cd9</load_address>
         <run_address>0x2cd9</run_address>
         <size>0x688</size>
         <input_file_ref idref="fl-2"/>
      </object_component>
      <object_component id="oc-b7">
         <name>.debug_info</name>
         <load_address>0x3361</load_address>
         <run_address>0x3361</run_address>
         <size>0x11b</size>
         <input_file_ref idref="fl-148"/>
      </object_component>
      <object_component id="oc-b9">
         <name>.debug_info</name>
         <load_address>0x347c</load_address>
         <run_address>0x347c</run_address>
         <size>0xc8</size>
         <input_file_ref idref="fl-146"/>
      </object_component>
      <object_component id="oc-bb">
         <name>.debug_info</name>
         <load_address>0x3544</load_address>
         <run_address>0x3544</run_address>
         <size>0xeb</size>
         <input_file_ref idref="fl-13d"/>
      </object_component>
      <object_component id="oc-bd">
         <name>.debug_info</name>
         <load_address>0x362f</load_address>
         <run_address>0x362f</run_address>
         <size>0x146</size>
         <input_file_ref idref="fl-13d"/>
      </object_component>
      <object_component id="oc-c1">
         <name>.debug_info</name>
         <load_address>0x3775</load_address>
         <run_address>0x3775</run_address>
         <size>0x2c</size>
         <input_file_ref idref="fl-13a"/>
      </object_component>
      <object_component id="oc-c8">
         <name>.debug_info</name>
         <load_address>0x37a1</load_address>
         <run_address>0x37a1</run_address>
         <size>0x2c</size>
         <input_file_ref idref="fl-13c"/>
      </object_component>
      <object_component id="oc-d4">
         <name>.debug_info</name>
         <load_address>0x37cd</load_address>
         <run_address>0x37cd</run_address>
         <size>0x2c</size>
         <input_file_ref idref="fl-141"/>
      </object_component>
      <object_component id="oc-d9">
         <name>.debug_info</name>
         <load_address>0x37f9</load_address>
         <run_address>0x37f9</run_address>
         <size>0x62</size>
         <input_file_ref idref="fl-141"/>
      </object_component>
      <object_component id="oc-df">
         <name>.debug_info</name>
         <load_address>0x385b</load_address>
         <run_address>0x385b</run_address>
         <size>0x18b</size>
         <input_file_ref idref="fl-8"/>
      </object_component>
      <object_component id="oc-e3">
         <name>.debug_info</name>
         <load_address>0x39e6</load_address>
         <run_address>0x39e6</run_address>
         <size>0x32c</size>
         <input_file_ref idref="fl-9"/>
      </object_component>
      <object_component id="oc-e6">
         <name>.debug_info</name>
         <load_address>0x3d12</load_address>
         <run_address>0x3d12</run_address>
         <size>0xa40</size>
         <input_file_ref idref="fl-2"/>
      </object_component>
      <object_component id="oc-e8">
         <name>.debug_info</name>
         <load_address>0x4752</load_address>
         <run_address>0x4752</run_address>
         <size>0x8b</size>
         <input_file_ref idref="fl-8"/>
      </object_component>
      <object_component id="oc-ec">
         <name>.debug_info</name>
         <load_address>0x47dd</load_address>
         <run_address>0x47dd</run_address>
         <size>0x33b</size>
         <input_file_ref idref="fl-8"/>
      </object_component>
      <object_component id="oc-f5">
         <name>.debug_info</name>
         <load_address>0x4b18</load_address>
         <run_address>0x4b18</run_address>
         <size>0x148</size>
         <input_file_ref idref="fl-14b"/>
      </object_component>
      <object_component id="oc-f7">
         <name>.debug_info</name>
         <load_address>0x4c60</load_address>
         <run_address>0x4c60</run_address>
         <size>0x155</size>
         <input_file_ref idref="fl-d"/>
      </object_component>
      <object_component id="oc-fb">
         <name>.debug_info</name>
         <load_address>0x4db5</load_address>
         <run_address>0x4db5</run_address>
         <size>0x16d</size>
         <input_file_ref idref="fl-d"/>
      </object_component>
      <object_component id="oc-ff">
         <name>.debug_info</name>
         <load_address>0x4f22</load_address>
         <run_address>0x4f22</run_address>
         <size>0x2c2</size>
         <input_file_ref idref="fl-a"/>
      </object_component>
      <object_component id="oc-103">
         <name>.debug_info</name>
         <load_address>0x51e4</load_address>
         <run_address>0x51e4</run_address>
         <size>0x1c5</size>
         <input_file_ref idref="fl-a"/>
      </object_component>
      <object_component id="oc-107">
         <name>.debug_info</name>
         <load_address>0x53a9</load_address>
         <run_address>0x53a9</run_address>
         <size>0x1cf</size>
         <input_file_ref idref="fl-c"/>
      </object_component>
      <object_component id="oc-10b">
         <name>.debug_info</name>
         <load_address>0x5578</load_address>
         <run_address>0x5578</run_address>
         <size>0x186</size>
         <input_file_ref idref="fl-b"/>
      </object_component>
      <object_component id="oc-10f">
         <name>.debug_info</name>
         <load_address>0x56fe</load_address>
         <run_address>0x56fe</run_address>
         <size>0x1c8</size>
         <input_file_ref idref="fl-c"/>
      </object_component>
      <object_component id="oc-113">
         <name>.debug_info</name>
         <load_address>0x58c6</load_address>
         <run_address>0x58c6</run_address>
         <size>0x1c3</size>
         <input_file_ref idref="fl-c"/>
      </object_component>
      <object_component id="oc-117">
         <name>.debug_info</name>
         <load_address>0x5a89</load_address>
         <run_address>0x5a89</run_address>
         <size>0x1c1</size>
         <input_file_ref idref="fl-c"/>
      </object_component>
      <object_component id="oc-11b">
         <name>.debug_info</name>
         <load_address>0x5c4a</load_address>
         <run_address>0x5c4a</run_address>
         <size>0x1e6</size>
         <input_file_ref idref="fl-a"/>
      </object_component>
      <object_component id="oc-11f">
         <name>.debug_info</name>
         <load_address>0x5e30</load_address>
         <run_address>0x5e30</run_address>
         <size>0x26e</size>
         <input_file_ref idref="fl-8"/>
      </object_component>
      <object_component id="oc-123">
         <name>.debug_info</name>
         <load_address>0x609e</load_address>
         <run_address>0x609e</run_address>
         <size>0x1b0</size>
         <input_file_ref idref="fl-b"/>
      </object_component>
      <object_component id="oc-127">
         <name>.debug_info</name>
         <load_address>0x624e</load_address>
         <run_address>0x624e</run_address>
         <size>0x1d7</size>
         <input_file_ref idref="fl-8"/>
      </object_component>
      <object_component id="oc-12b">
         <name>.debug_info</name>
         <load_address>0x6425</load_address>
         <run_address>0x6425</run_address>
         <size>0x26e</size>
         <input_file_ref idref="fl-f"/>
      </object_component>
      <object_component id="oc-12f">
         <name>.debug_info</name>
         <load_address>0x6693</load_address>
         <run_address>0x6693</run_address>
         <size>0x27b</size>
         <input_file_ref idref="fl-f"/>
      </object_component>
      <object_component id="oc-133">
         <name>.debug_info</name>
         <load_address>0x690e</load_address>
         <run_address>0x690e</run_address>
         <size>0x1e8</size>
         <input_file_ref idref="fl-f"/>
      </object_component>
      <object_component id="oc-137">
         <name>.debug_info</name>
         <load_address>0x6af6</load_address>
         <run_address>0x6af6</run_address>
         <size>0x1dc</size>
         <input_file_ref idref="fl-f"/>
      </object_component>
      <object_component id="oc-13b">
         <name>.debug_info</name>
         <load_address>0x6cd2</load_address>
         <run_address>0x6cd2</run_address>
         <size>0x1d4</size>
         <input_file_ref idref="fl-9"/>
      </object_component>
      <object_component id="oc-13f">
         <name>.debug_info</name>
         <load_address>0x6ea6</load_address>
         <run_address>0x6ea6</run_address>
         <size>0x202</size>
         <input_file_ref idref="fl-9"/>
      </object_component>
      <object_component id="oc-143">
         <name>.debug_info</name>
         <load_address>0x70a8</load_address>
         <run_address>0x70a8</run_address>
         <size>0x1dc</size>
         <input_file_ref idref="fl-9"/>
      </object_component>
      <object_component id="oc-147">
         <name>.debug_info</name>
         <load_address>0x7284</load_address>
         <run_address>0x7284</run_address>
         <size>0x158</size>
         <input_file_ref idref="fl-2"/>
      </object_component>
      <object_component id="oc-14c">
         <name>.debug_info</name>
         <load_address>0x73dc</load_address>
         <run_address>0x73dc</run_address>
         <size>0x19e</size>
         <input_file_ref idref="fl-2"/>
      </object_component>
      <object_component id="oc-151">
         <name>.debug_info</name>
         <load_address>0x757a</load_address>
         <run_address>0x757a</run_address>
         <size>0x42e</size>
         <input_file_ref idref="fl-2"/>
      </object_component>
      <object_component id="oc-156">
         <name>.debug_info</name>
         <load_address>0x79a8</load_address>
         <run_address>0x79a8</run_address>
         <size>0x1b6</size>
         <input_file_ref idref="fl-2"/>
      </object_component>
      <object_component id="oc-15b">
         <name>.debug_info</name>
         <load_address>0x7b5e</load_address>
         <run_address>0x7b5e</run_address>
         <size>0x14f</size>
         <input_file_ref idref="fl-2"/>
      </object_component>
      <object_component id="oc-160">
         <name>.debug_info</name>
         <load_address>0x7cad</load_address>
         <run_address>0x7cad</run_address>
         <size>0x21e</size>
         <input_file_ref idref="fl-2"/>
      </object_component>
      <object_component id="oc-165">
         <name>.debug_info</name>
         <load_address>0x7ecb</load_address>
         <run_address>0x7ecb</run_address>
         <size>0x19e</size>
         <input_file_ref idref="fl-2"/>
      </object_component>
      <object_component id="oc-16a">
         <name>.debug_info</name>
         <load_address>0x8069</load_address>
         <run_address>0x8069</run_address>
         <size>0x1eb</size>
         <input_file_ref idref="fl-c"/>
      </object_component>
      <object_component id="oc-16e">
         <name>.debug_info</name>
         <load_address>0x8254</load_address>
         <run_address>0x8254</run_address>
         <size>0x16d</size>
         <input_file_ref idref="fl-2"/>
      </object_component>
      <object_component id="oc-173">
         <name>.debug_info</name>
         <load_address>0x83c1</load_address>
         <run_address>0x83c1</run_address>
         <size>0x191</size>
         <input_file_ref idref="fl-2"/>
      </object_component>
      <object_component id="oc-178">
         <name>.debug_info</name>
         <load_address>0x8552</load_address>
         <run_address>0x8552</run_address>
         <size>0xc1</size>
         <input_file_ref idref="fl-2"/>
      </object_component>
      <object_component id="oc-17e">
         <name>.debug_info</name>
         <load_address>0x8613</load_address>
         <run_address>0x8613</run_address>
         <size>0xc7</size>
         <input_file_ref idref="fl-2"/>
      </object_component>
      <object_component id="oc-180">
         <name>.debug_info</name>
         <load_address>0x86da</load_address>
         <run_address>0x86da</run_address>
         <size>0x105</size>
         <input_file_ref idref="fl-2"/>
      </object_component>
      <object_component id="oc-185">
         <name>.debug_info</name>
         <load_address>0x87df</load_address>
         <run_address>0x87df</run_address>
         <size>0x5e</size>
         <input_file_ref idref="fl-148"/>
      </object_component>
      <object_component id="oc-18b">
         <name>.debug_info</name>
         <load_address>0x883d</load_address>
         <run_address>0x883d</run_address>
         <size>0x1d4</size>
         <input_file_ref idref="fl-146"/>
      </object_component>
      <object_component id="oc-191">
         <name>.debug_info</name>
         <load_address>0x8a11</load_address>
         <run_address>0x8a11</run_address>
         <size>0xd9</size>
         <input_file_ref idref="fl-146"/>
      </object_component>
      <object_component id="oc-19a">
         <name>.debug_info</name>
         <load_address>0x8aea</load_address>
         <run_address>0x8aea</run_address>
         <size>0x1aa</size>
         <input_file_ref idref="fl-2"/>
      </object_component>
      <object_component id="oc-19f">
         <name>.debug_info</name>
         <load_address>0x8c94</load_address>
         <run_address>0x8c94</run_address>
         <size>0xc8</size>
         <input_file_ref idref="fl-2"/>
      </object_component>
      <object_component id="oc-1a8">
         <name>.debug_info</name>
         <load_address>0x8d5c</load_address>
         <run_address>0x8d5c</run_address>
         <size>0xcd</size>
         <input_file_ref idref="fl-14b"/>
      </object_component>
      <object_component id="oc-1b1">
         <name>.debug_info</name>
         <load_address>0x8e29</load_address>
         <run_address>0x8e29</run_address>
         <size>0x355</size>
         <input_file_ref idref="fl-a"/>
      </object_component>
      <object_component id="oc-1b4">
         <name>.debug_info</name>
         <load_address>0x917e</load_address>
         <run_address>0x917e</run_address>
         <size>0x249</size>
         <input_file_ref idref="fl-c"/>
      </object_component>
      <object_component id="oc-1b8">
         <name>.debug_info</name>
         <load_address>0x93c7</load_address>
         <run_address>0x93c7</run_address>
         <size>0x1f9</size>
         <input_file_ref idref="fl-c"/>
      </object_component>
      <object_component id="oc-1bd">
         <name>.debug_info</name>
         <load_address>0x95c0</load_address>
         <run_address>0x95c0</run_address>
         <size>0x15a</size>
         <input_file_ref idref="fl-e"/>
      </object_component>
      <object_component id="oc-1c2">
         <name>.debug_info</name>
         <load_address>0x971a</load_address>
         <run_address>0x971a</run_address>
         <size>0x109</size>
         <input_file_ref idref="fl-c"/>
      </object_component>
      <object_component id="oc-1c4">
         <name>.debug_info</name>
         <load_address>0x9823</load_address>
         <run_address>0x9823</run_address>
         <size>0x340</size>
         <input_file_ref idref="fl-c"/>
      </object_component>
      <object_component id="oc-1c8">
         <name>.debug_info</name>
         <load_address>0x9b63</load_address>
         <run_address>0x9b63</run_address>
         <size>0xfb</size>
         <input_file_ref idref="fl-a"/>
      </object_component>
      <object_component id="oc-1cb">
         <name>.debug_info</name>
         <load_address>0x9c5e</load_address>
         <run_address>0x9c5e</run_address>
         <size>0x20f</size>
         <input_file_ref idref="fl-8"/>
      </object_component>
      <object_component id="oc-1cf">
         <name>.debug_info</name>
         <load_address>0x9e6d</load_address>
         <run_address>0x9e6d</run_address>
         <size>0x18f</size>
         <input_file_ref idref="fl-8"/>
      </object_component>
      <object_component id="oc-1d4">
         <name>.debug_info</name>
         <load_address>0x9ffc</load_address>
         <run_address>0x9ffc</run_address>
         <size>0x1be</size>
         <input_file_ref idref="fl-b"/>
      </object_component>
      <object_component id="oc-1d6">
         <name>.debug_info</name>
         <load_address>0xa1ba</load_address>
         <run_address>0xa1ba</run_address>
         <size>0x331</size>
         <input_file_ref idref="fl-b"/>
      </object_component>
      <object_component id="oc-1d9">
         <name>.debug_info</name>
         <load_address>0xa4eb</load_address>
         <run_address>0xa4eb</run_address>
         <size>0x31a</size>
         <input_file_ref idref="fl-f"/>
      </object_component>
      <object_component id="oc-1e2">
         <name>.debug_info</name>
         <load_address>0xa805</load_address>
         <run_address>0xa805</run_address>
         <size>0x1d5</size>
         <input_file_ref idref="fl-8"/>
      </object_component>
      <object_component id="oc-1e7">
         <name>.debug_info</name>
         <load_address>0xa9da</load_address>
         <run_address>0xa9da</run_address>
         <size>0x855</size>
         <input_file_ref idref="fl-141"/>
      </object_component>
      <object_component id="oc-1ec">
         <name>.debug_info</name>
         <load_address>0xb22f</load_address>
         <run_address>0xb22f</run_address>
         <size>0x12e</size>
         <input_file_ref idref="fl-2"/>
      </object_component>
      <object_component id="oc-1f1">
         <name>.debug_info</name>
         <load_address>0xb35d</load_address>
         <run_address>0xb35d</run_address>
         <size>0x179</size>
         <input_file_ref idref="fl-2"/>
      </object_component>
      <object_component id="oc-1f6">
         <name>.debug_info</name>
         <load_address>0xb4d6</load_address>
         <run_address>0xb4d6</run_address>
         <size>0x1a4</size>
         <input_file_ref idref="fl-2"/>
      </object_component>
      <object_component id="oc-1fb">
         <name>.debug_info</name>
         <load_address>0xb67a</load_address>
         <run_address>0xb67a</run_address>
         <size>0x191</size>
         <input_file_ref idref="fl-2"/>
      </object_component>
      <object_component id="oc-200">
         <name>.debug_info</name>
         <load_address>0xb80b</load_address>
         <run_address>0xb80b</run_address>
         <size>0x19e</size>
         <input_file_ref idref="fl-2"/>
      </object_component>
      <object_component id="oc-205">
         <name>.debug_info</name>
         <load_address>0xb9a9</load_address>
         <run_address>0xb9a9</run_address>
         <size>0x138</size>
         <input_file_ref idref="fl-2"/>
      </object_component>
      <object_component id="oc-211">
         <name>.debug_info</name>
         <load_address>0xbae1</load_address>
         <run_address>0xbae1</run_address>
         <size>0x179</size>
         <input_file_ref idref="fl-2"/>
      </object_component>
      <object_component id="oc-216">
         <name>.debug_info</name>
         <load_address>0xbc5a</load_address>
         <run_address>0xbc5a</run_address>
         <size>0x188</size>
         <input_file_ref idref="fl-2"/>
      </object_component>
      <object_component id="oc-221">
         <name>.debug_info</name>
         <load_address>0xbde2</load_address>
         <run_address>0xbde2</run_address>
         <size>0x1c7</size>
         <input_file_ref idref="fl-9"/>
      </object_component>
      <object_component id="oc-225">
         <name>.debug_info</name>
         <load_address>0xbfa9</load_address>
         <run_address>0xbfa9</run_address>
         <size>0x1c9</size>
         <input_file_ref idref="fl-9"/>
      </object_component>
      <object_component id="oc-22b">
         <name>.debug_info</name>
         <load_address>0xc172</load_address>
         <run_address>0xc172</run_address>
         <size>0x210</size>
         <input_file_ref idref="fl-2"/>
      </object_component>
      <object_component id="oc-230">
         <name>.debug_info</name>
         <load_address>0xc382</load_address>
         <run_address>0xc382</run_address>
         <size>0x157</size>
         <input_file_ref idref="fl-2"/>
      </object_component>
      <object_component id="oc-253">
         <name>.debug_info</name>
         <load_address>0xc4d9</load_address>
         <run_address>0xc4d9</run_address>
         <size>0x101</size>
         <input_file_ref idref="fl-141"/>
      </object_component>
      <object_component id="oc-262">
         <name>.debug_info</name>
         <load_address>0xc5da</load_address>
         <run_address>0xc5da</run_address>
         <size>0x1ec</size>
         <input_file_ref idref="fl-f"/>
      </object_component>
      <object_component id="oc-266">
         <name>.debug_info</name>
         <load_address>0xc7c6</load_address>
         <run_address>0xc7c6</run_address>
         <size>0x229</size>
         <input_file_ref idref="fl-f"/>
      </object_component>
      <object_component id="oc-26a">
         <name>.debug_info</name>
         <load_address>0xc9ef</load_address>
         <run_address>0xc9ef</run_address>
         <size>0x2d7</size>
         <input_file_ref idref="fl-f"/>
      </object_component>
      <object_component id="oc-26f">
         <name>.debug_info</name>
         <load_address>0xccc6</load_address>
         <run_address>0xccc6</run_address>
         <size>0xe1</size>
         <input_file_ref idref="fl-145"/>
      </object_component>
      <object_component id="oc-273">
         <name>.debug_info</name>
         <load_address>0xcda7</load_address>
         <run_address>0xcda7</run_address>
         <size>0xed</size>
         <input_file_ref idref="fl-13e"/>
      </object_component>
      <object_component id="oc-276">
         <name>.debug_info</name>
         <load_address>0xce94</load_address>
         <run_address>0xce94</run_address>
         <size>0xec</size>
         <input_file_ref idref="fl-13f"/>
      </object_component>
      <object_component id="oc-2a4">
         <name>.debug_info</name>
         <load_address>0xcf80</load_address>
         <run_address>0xcf80</run_address>
         <size>0x9a</size>
      </object_component>
      <object_component id="oc-12">
         <name>.debug_aranges</name>
         <load_address>0x0</load_address>
         <run_address>0x0</run_address>
         <size>0x20</size>
         <input_file_ref idref="fl-139"/>
      </object_component>
      <object_component id="oc-18">
         <name>.debug_aranges</name>
         <load_address>0x20</load_address>
         <run_address>0x20</run_address>
         <size>0x20</size>
         <input_file_ref idref="fl-13a"/>
      </object_component>
      <object_component id="oc-1d">
         <name>.debug_aranges</name>
         <load_address>0x40</load_address>
         <run_address>0x40</run_address>
         <size>0x20</size>
         <input_file_ref idref="fl-13c"/>
      </object_component>
      <object_component id="oc-1f">
         <name>.debug_aranges</name>
         <load_address>0x60</load_address>
         <run_address>0x60</run_address>
         <size>0x20</size>
         <input_file_ref idref="fl-13b"/>
      </object_component>
      <object_component id="oc-2a">
         <name>.debug_aranges</name>
         <load_address>0x80</load_address>
         <run_address>0x80</run_address>
         <size>0x20</size>
         <input_file_ref idref="fl-3"/>
      </object_component>
      <object_component id="oc-2f">
         <name>.debug_aranges</name>
         <load_address>0xa0</load_address>
         <run_address>0xa0</run_address>
         <size>0x20</size>
         <input_file_ref idref="fl-3"/>
      </object_component>
      <object_component id="oc-34">
         <name>.debug_aranges</name>
         <load_address>0xc0</load_address>
         <run_address>0xc0</run_address>
         <size>0x20</size>
         <input_file_ref idref="fl-3"/>
      </object_component>
      <object_component id="oc-39">
         <name>.debug_aranges</name>
         <load_address>0xe0</load_address>
         <run_address>0xe0</run_address>
         <size>0x20</size>
         <input_file_ref idref="fl-3"/>
      </object_component>
      <object_component id="oc-3e">
         <name>.debug_aranges</name>
         <load_address>0x100</load_address>
         <run_address>0x100</run_address>
         <size>0x20</size>
         <input_file_ref idref="fl-2"/>
      </object_component>
      <object_component id="oc-43">
         <name>.debug_aranges</name>
         <load_address>0x120</load_address>
         <run_address>0x120</run_address>
         <size>0x20</size>
         <input_file_ref idref="fl-2"/>
      </object_component>
      <object_component id="oc-48">
         <name>.debug_aranges</name>
         <load_address>0x140</load_address>
         <run_address>0x140</run_address>
         <size>0x20</size>
         <input_file_ref idref="fl-2"/>
      </object_component>
      <object_component id="oc-4f">
         <name>.debug_aranges</name>
         <load_address>0x160</load_address>
         <run_address>0x160</run_address>
         <size>0x28</size>
         <input_file_ref idref="fl-14a"/>
      </object_component>
      <object_component id="oc-54">
         <name>.debug_aranges</name>
         <load_address>0x188</load_address>
         <run_address>0x188</run_address>
         <size>0x20</size>
         <input_file_ref idref="fl-148"/>
      </object_component>
      <object_component id="oc-59">
         <name>.debug_aranges</name>
         <load_address>0x1a8</load_address>
         <run_address>0x1a8</run_address>
         <size>0x30</size>
         <input_file_ref idref="fl-13d"/>
      </object_component>
      <object_component id="oc-60">
         <name>.debug_aranges</name>
         <load_address>0x1d8</load_address>
         <run_address>0x1d8</run_address>
         <size>0x20</size>
         <input_file_ref idref="fl-140"/>
      </object_component>
      <object_component id="oc-70">
         <name>.debug_aranges</name>
         <load_address>0x1f8</load_address>
         <run_address>0x1f8</run_address>
         <size>0x20</size>
         <input_file_ref idref="fl-13b"/>
      </object_component>
      <object_component id="oc-af">
         <name>.debug_aranges</name>
         <load_address>0x218</load_address>
         <run_address>0x218</run_address>
         <size>0x20</size>
         <input_file_ref idref="fl-14b"/>
      </object_component>
      <object_component id="oc-b5">
         <name>.debug_aranges</name>
         <load_address>0x238</load_address>
         <run_address>0x238</run_address>
         <size>0x20</size>
         <input_file_ref idref="fl-2"/>
      </object_component>
      <object_component id="oc-14a">
         <name>.debug_aranges</name>
         <load_address>0x258</load_address>
         <run_address>0x258</run_address>
         <size>0x20</size>
         <input_file_ref idref="fl-2"/>
      </object_component>
      <object_component id="oc-14f">
         <name>.debug_aranges</name>
         <load_address>0x278</load_address>
         <run_address>0x278</run_address>
         <size>0x20</size>
         <input_file_ref idref="fl-2"/>
      </object_component>
      <object_component id="oc-154">
         <name>.debug_aranges</name>
         <load_address>0x298</load_address>
         <run_address>0x298</run_address>
         <size>0x20</size>
         <input_file_ref idref="fl-2"/>
      </object_component>
      <object_component id="oc-159">
         <name>.debug_aranges</name>
         <load_address>0x2b8</load_address>
         <run_address>0x2b8</run_address>
         <size>0x20</size>
         <input_file_ref idref="fl-2"/>
      </object_component>
      <object_component id="oc-15e">
         <name>.debug_aranges</name>
         <load_address>0x2d8</load_address>
         <run_address>0x2d8</run_address>
         <size>0x20</size>
         <input_file_ref idref="fl-2"/>
      </object_component>
      <object_component id="oc-163">
         <name>.debug_aranges</name>
         <load_address>0x2f8</load_address>
         <run_address>0x2f8</run_address>
         <size>0x20</size>
         <input_file_ref idref="fl-2"/>
      </object_component>
      <object_component id="oc-168">
         <name>.debug_aranges</name>
         <load_address>0x318</load_address>
         <run_address>0x318</run_address>
         <size>0x20</size>
         <input_file_ref idref="fl-2"/>
      </object_component>
      <object_component id="oc-171">
         <name>.debug_aranges</name>
         <load_address>0x338</load_address>
         <run_address>0x338</run_address>
         <size>0x20</size>
         <input_file_ref idref="fl-2"/>
      </object_component>
      <object_component id="oc-176">
         <name>.debug_aranges</name>
         <load_address>0x358</load_address>
         <run_address>0x358</run_address>
         <size>0x20</size>
         <input_file_ref idref="fl-2"/>
      </object_component>
      <object_component id="oc-18e">
         <name>.debug_aranges</name>
         <load_address>0x378</load_address>
         <run_address>0x378</run_address>
         <size>0x30</size>
         <input_file_ref idref="fl-146"/>
      </object_component>
      <object_component id="oc-1ea">
         <name>.debug_aranges</name>
         <load_address>0x3a8</load_address>
         <run_address>0x3a8</run_address>
         <size>0x58</size>
         <input_file_ref idref="fl-141"/>
      </object_component>
      <object_component id="oc-1ef">
         <name>.debug_aranges</name>
         <load_address>0x400</load_address>
         <run_address>0x400</run_address>
         <size>0x20</size>
         <input_file_ref idref="fl-2"/>
      </object_component>
      <object_component id="oc-1f4">
         <name>.debug_aranges</name>
         <load_address>0x420</load_address>
         <run_address>0x420</run_address>
         <size>0x20</size>
         <input_file_ref idref="fl-2"/>
      </object_component>
      <object_component id="oc-1f9">
         <name>.debug_aranges</name>
         <load_address>0x440</load_address>
         <run_address>0x440</run_address>
         <size>0x20</size>
         <input_file_ref idref="fl-2"/>
      </object_component>
      <object_component id="oc-1fe">
         <name>.debug_aranges</name>
         <load_address>0x460</load_address>
         <run_address>0x460</run_address>
         <size>0x20</size>
         <input_file_ref idref="fl-2"/>
      </object_component>
      <object_component id="oc-203">
         <name>.debug_aranges</name>
         <load_address>0x480</load_address>
         <run_address>0x480</run_address>
         <size>0x20</size>
         <input_file_ref idref="fl-2"/>
      </object_component>
      <object_component id="oc-208">
         <name>.debug_aranges</name>
         <load_address>0x4a0</load_address>
         <run_address>0x4a0</run_address>
         <size>0x20</size>
         <input_file_ref idref="fl-2"/>
      </object_component>
      <object_component id="oc-214">
         <name>.debug_aranges</name>
         <load_address>0x4c0</load_address>
         <run_address>0x4c0</run_address>
         <size>0x20</size>
         <input_file_ref idref="fl-2"/>
      </object_component>
      <object_component id="oc-219">
         <name>.debug_aranges</name>
         <load_address>0x4e0</load_address>
         <run_address>0x4e0</run_address>
         <size>0x20</size>
         <input_file_ref idref="fl-2"/>
      </object_component>
      <object_component id="oc-22e">
         <name>.debug_aranges</name>
         <load_address>0x500</load_address>
         <run_address>0x500</run_address>
         <size>0x20</size>
         <input_file_ref idref="fl-2"/>
      </object_component>
      <object_component id="oc-233">
         <name>.debug_aranges</name>
         <load_address>0x520</load_address>
         <run_address>0x520</run_address>
         <size>0x20</size>
         <input_file_ref idref="fl-2"/>
      </object_component>
      <object_component id="oc-270">
         <name>.debug_aranges</name>
         <load_address>0x540</load_address>
         <run_address>0x540</run_address>
         <size>0x20</size>
         <input_file_ref idref="fl-145"/>
      </object_component>
      <object_component id="oc-274">
         <name>.debug_aranges</name>
         <load_address>0x560</load_address>
         <run_address>0x560</run_address>
         <size>0x20</size>
         <input_file_ref idref="fl-13e"/>
      </object_component>
      <object_component id="oc-278">
         <name>.debug_aranges</name>
         <load_address>0x580</load_address>
         <run_address>0x580</run_address>
         <size>0x20</size>
         <input_file_ref idref="fl-13f"/>
      </object_component>
      <object_component id="oc-13">
[...]
         <name>__TI_decompress_rle24</name>
      </handler>
      <handler>
         <index>0x1</index>
         <name>__TI_decompress_none</name>
      </handler>
      <handler>
         <index>0x2</index>
         <name>__TI_zero_init</name>
      </handler>
   </handler_table>
   <symbol_table>
      <symbol id="sm-1">
         <name>__STACK_TOP</name>
         <value>0x20001274</value>
      </symbol>
      <symbol id="sm-2">
         <name>__TI_CINIT_Base</name>
         <value>0x20b0</value>
      </symbol>
      <symbol id="sm-3">
         <name>__TI_CINIT_Limit</name>
         <value>0x20c0</value>
      </symbol>
      <symbol id="sm-4">
         <name>__TI_Handler_Table_Base</name>
         <value>0x209c</value>
      </symbol>
      <symbol id="sm-5">
         <name>__TI_Handler_Table_Limit</name>
         <value>0x20a8</value>
      </symbol>
      <symbol id="sm-6">
         <name>binit</name>
         <value>0xffffffff</value>
      </symbol>
      <symbol id="sm-7">
         <name>__binit__</name>
         <value>0xffffffff</value>
      </symbol>
      <symbol id="sm-8">
         <name>__STACK_SIZE</name>
         <value>0x800</value>
      </symbol>
      <symbol id="sm-9">
         <name>__STACK_END</name>
         <value>0x20001974</value>
      </symbol>
      <symbol id="sm-a">
         <name>__SYSMEM_SIZE</name>
         <value>0x800</value>
      </symbol>
      <symbol id="sm-b">
         <name>__c_args__</name>
         <value>0xffffffff</value>
      </symbol>
      <symbol id="sm-1f9">
         <name>CardinalDir</name>
         <value>0x20001168</value>
      </symbol>
      <symbol id="sm-1fa">
         <name>curCol</name>
         <value>0x20001170</value>
      </symbol>
      <symbol id="sm-1fb">
         <name>curRow</name>
         <value>0x20001171</value>
      </symbol>
      <symbol id="sm-1fc">
         <name>Distance</name>
         <value>0x2000116c</value>
      </symbol>
      <symbol id="sm-1fd">
         <name>temp</name>
         <value>0x20001172</value>
      </symbol>
      <symbol id="sm-1fe">
         <name>UART4Send</name>
         <value>0x1c4d</value>
         <object_component_ref idref="oc-14b"/>
      </symbol>
      <symbol id="sm-1ff">
         <name>command</name>
         <value>0x20000fa0</value>
         <object_component_ref idref="oc-17d"/>
      </symbol>
      <symbol id="sm-200">
         <name>readSensorVoltage</name>
         <value>0x1539</value>
         <object_component_ref idref="oc-22a"/>
      </symbol>
      <symbol id="sm-201">
         <name>UART4IntHandler</name>
         <value>0x1895</value>
         <object_component_ref idref="oc-44"/>
      </symbol>
      <symbol id="sm-202">
         <name>ack</name>
         <value>0x2000217b</value>
         <object_component_ref idref="oc-86"/>
      </symbol>
      <symbol id="sm-203">
         <name>UART3IntHandler</name>
         <value>0x1845</value>
         <object_component_ref idref="oc-3f"/>
      </symbol>
      <symbol id="sm-204">
         <name>PiAddress</name>
         <value>0x20002179</value>
         <object_component_ref idref="oc-86"/>
      </symbol>
      <symbol id="sm-205">
         <name>getPath</name>
         <value>0xa55</value>
         <object_component_ref idref="oc-150"/>
      </symbol>
      <symbol id="sm-206">
         <name>read_next_byte</name>
         <value>0x12b9</value>
         <object_component_ref idref="oc-16d"/>
      </symbol>
      <symbol id="sm-207">
         <name>isInList</name>
         <value>0x1acf</value>
         <object_component_ref idref="oc-1fa"/>
      </symbol>
      <symbol id="sm-208">
         <name>getDistances</name>
         <value>0x1c75</value>
         <object_component_ref idref="oc-172"/>
      </symbol>
      <symbol id="sm-209">
         <name>curPosition</name>
         <value>0x20002180</value>
         <object_component_ref idref="oc-86"/>
      </symbol>
      <symbol id="sm-20a">
         <name>error</name>
         <value>0x2000217a</value>
         <object_component_ref idref="oc-86"/>
      </symbol>
      <symbol id="sm-20b">
         <name>remove_node</name>
         <value>0x1369</value>
         <object_component_ref idref="oc-1f5"/>
      </symbol>
      <symbol id="sm-20c">
         <name>freePath</name>
         <value>0x1d89</value>
         <object_component_ref idref="oc-15a"/>
      </symbol>
      <symbol id="sm-20d">
         <name>initializeList</name>
         <value>0x1ed7</value>
         <object_component_ref idref="oc-1eb"/>
      </symbol>
      <symbol id="sm-20e">
         <name>lookupDistance</name>
         <value>0x15c5</value>
         <object_component_ref idref="oc-22f"/>
      </symbol>
      <symbol id="sm-20f">
         <name>objPosition</name>
         <value>0x20002188</value>
         <object_component_ref idref="oc-86"/>
      </symbol>
      <symbol id="sm-210">
         <name>main</name>
         <value>0x26d</value>
         <object_component_ref idref="oc-b1"/>
      </symbol>
      <symbol id="sm-211">
         <name>pathToAction</name>
         <value>0xc59</value>
         <object_component_ref idref="oc-155"/>
      </symbol>
      <symbol id="sm-212">
         <name>UART3Send</name>
         <value>0x1c25</value>
         <object_component_ref idref="oc-164"/>
      </symbol>
      <symbol id="sm-213">
         <name>turn</name>
         <value>0x16b9</value>
         <object_component_ref idref="oc-210"/>
      </symbol>
      <symbol id="sm-214">
         <name>resetGrid</name>
         <value>0x1c97</value>
         <object_component_ref idref="oc-204"/>
      </symbol>
      <symbol id="sm-215">
         <name>follow_segment</name>
         <value>0x17e9</value>
         <object_component_ref idref="oc-215"/>
      </symbol>
      <symbol id="sm-216">
         <name>heuristic</name>
         <value>0x1e4d</value>
         <object_component_ref idref="oc-1ff"/>
      </symbol>
      <symbol id="sm-217">
         <name>nak</name>
         <value>0x2000217c</value>
         <object_component_ref idref="oc-86"/>
      </symbol>
      <symbol id="sm-218">
         <name>initializeGrid</name>
         <value>0x1b09</value>
         <object_component_ref idref="oc-146"/>
      </symbol>
      <symbol id="sm-219">
         <name>robotID</name>
         <value>0x2000217f</value>
         <object_component_ref idref="oc-86"/>
      </symbol>
      <symbol id="sm-21a">
         <name>PiBuffer</name>
         <value>0x200010a0</value>
         <object_component_ref idref="oc-99"/>
      </symbol>
      <symbol id="sm-21b">
         <name>goto_point</name>
         <value>0xdc5</value>
         <object_component_ref idref="oc-15f"/>
      </symbol>
      <symbol id="sm-21c">
         <name>XBeeBuffer</name>
         <value>0x20001104</value>
         <object_component_ref idref="oc-a1"/>
      </symbol>
      <symbol id="sm-21d">
         <name>PiPosition</name>
         <value>0x2000217e</value>
         <object_component_ref idref="oc-86"/>
      </symbol>
      <symbol id="sm-21e">
         <name>XbeePosition</name>
         <value>0x2000217d</value>
         <object_component_ref idref="oc-86"/>
      </symbol>
      <symbol id="sm-21f">
         <name>turnCommand</name>
         <value>0x20002190</value>
         <object_component_ref idref="oc-86"/>
      </symbol>
      <symbol id="sm-220">
         <name>grid</name>
         <value>0x20000000</value>
         <object_component_ref idref="oc-177"/>
      </symbol>
      <symbol id="sm-221">
         <name>Timer0IntHandler</name>
         <value>0x1cf9</value>
         <object_component_ref idref="oc-3a"/>
      </symbol>
      <symbol id="sm-222">
         <name>add_node</name>
         <value>0x18e5</value>
         <object_component_ref idref="oc-1f0"/>
      </symbol>
      <symbol id="sm-223">
         <name>XBeeAddress</name>
         <value>0x20002178</value>
         <object_component_ref idref="oc-86"/>
      </symbol>
      <symbol id="sm-24f">
         <name>ResetISR</name>
         <value>0x1edf</value>
         <object_component_ref idref="oc-26"/>
      </symbol>
      <symbol id="sm-250">
         <name>g_pfnVectors</name>
         <value>0x0</value>
         <object_component_ref idref="oc-e"/>
      </symbol>
      <symbol id="sm-2a0">
         <name>UARTCharPutNonBlocking</name>
         <value>0x1e3d</value>
         <object_component_ref idref="oc-1e1"/>
      </symbol>
      <symbol id="sm-2a1">
         <name>UARTConfigSetExpClk</name>
         <value>0x1a8d</value>
         <object_component_ref idref="oc-11e"/>
      </symbol>
      <symbol id="sm-2a2">
         <name>UARTDisable</name>
         <value>0x1d15</value>
         <object_component_ref idref="oc-1ca"/>
      </symbol>
      <symbol id="sm-2a3">
         <name>UARTIntEnable</name>
         <value>0x1ecf</value>
         <object_component_ref idref="oc-126"/>
      </symbol>
      <symbol id="sm-2a4">
         <name>UARTCharsAvail</name>
         <value>0x1e93</value>
         <object_component_ref idref="oc-95"/>
      </symbol>
      <symbol id="sm-2a5">
         <name>UARTCharGetNonBlocking</name>
         <value>0x1e2d</value>
         <object_component_ref idref="oc-91"/>
      </symbol>
      <symbol id="sm-2a6">
         <name>UARTEnable</name>
         <value>0x1d75</value>
         <object_component_ref idref="oc-1ce"/>
      </symbol>
      <symbol id="sm-2a7">
         <name>UARTIntClear</name>
         <value>0x1ef5</value>
         <object_component_ref idref="oc-8d"/>
      </symbol>
      <symbol id="sm-2a8">
         <name>UARTIntStatus</name>
         <value>0x1ebd</value>
         <object_component_ref idref="oc-89"/>
      </symbol>
      <symbol id="sm-2d7">
         <name>TimerLoadSet</name>
         <value>0x1de7</value>
         <object_component_ref idref="oc-13e"/>
      </symbol>
      <symbol id="sm-2d8">
         <name>TimerDisable</name>
         <value>0x1d61</value>
         <object_component_ref idref="oc-224"/>
      </symbol>
      <symbol id="sm-2d9">
         <name>TimerEnable</name>
         <value>0x1e6b</value>
         <object_component_ref idref="oc-220"/>
      </symbol>
      <symbol id="sm-2da">
         <name>TimerIntEnable</name>
         <value>0x1ec7</value>
         <object_component_ref idref="oc-142"/>
      </symbol>
      <symbol id="sm-2db">
         <name>TimerConfigure</name>
         <value>0x1bfd</value>
         <object_component_ref idref="oc-13a"/>
      </symbol>
      <symbol id="sm-2dc">
         <name>TimerIntClear</name>
         <value>0x1ef1</value>
         <object_component_ref idref="oc-82"/>
      </symbol>
      <symbol id="sm-322">
         <name>SysCtlClockSet</name>
         <value>0xf21</value>
         <object_component_ref idref="oc-fe"/>
      </symbol>
      <symbol id="sm-323">
         <name>SysCtlDelay</name>
         <value>0x1ee5</value>
         <object_component_ref idref="oc-1af"/>
      </symbol>
      <symbol id="sm-324">
         <name>SysCtlPeripheralEnable</name>
         <value>0x1b41</value>
         <object_component_ref idref="oc-102"/>
      </symbol>
      <symbol id="sm-325">
         <name>SysCtlClockGet</name>
         <value>0x11f5</value>
         <object_component_ref idref="oc-11a"/>
      </symbol>
      <symbol id="sm-34d">
         <name>IntEnable</name>
         <value>0x1725</value>
         <object_component_ref idref="oc-122"/>
      </symbol>
      <symbol id="sm-34e">
         <name>IntMasterEnable</name>
         <value>0x1eb3</value>
         <object_component_ref idref="oc-10a"/>
      </symbol>
      <symbol id="sm-39e">
         <name>GPIOPinConfigure</name>
         <value>0x1931</value>
         <object_component_ref idref="oc-10e"/>
      </symbol>
      <symbol id="sm-39f">
         <name>GPIOPinTypeADC</name>
         <value>0x1db1</value>
         <object_component_ref idref="oc-116"/>
      </symbol>
      <symbol id="sm-3a0">
         <name>GPIOPinTypeUART</name>
         <value>0x1dd5</value>
         <object_component_ref idref="oc-112"/>
      </symbol>
      <symbol id="sm-3a1">
         <name>GPIOPinTypeGPIOOutput</name>
         <value>0x1dc3</value>
         <object_component_ref idref="oc-106"/>
      </symbol>
      <symbol id="sm-3a2">
         <name>GPIODirModeSet</name>
         <value>0x1ba3</value>
         <object_component_ref idref="oc-1b7"/>
      </symbol>
      <symbol id="sm-3a3">
         <name>GPIOPinWrite</name>
         <value>0x1ea9</value>
         <object_component_ref idref="oc-169"/>
      </symbol>
      <symbol id="sm-3a4">
         <name>GPIOPadConfigSet</name>
         <value>0x112d</value>
         <object_component_ref idref="oc-1b3"/>
      </symbol>
      <symbol id="sm-3b6">
         <name>FPULazyStackingEnable</name>
         <value>0x1e1d</value>
         <object_component_ref idref="oc-fa"/>
      </symbol>
      <symbol id="sm-3b7">
         <name>FPUEnable</name>
         <value>0x1e0d</value>
         <object_component_ref idref="oc-f6"/>
      </symbol>
      <symbol id="sm-3bf">
         <name>CPUcpsie</name>
         <value>0x1e87</value>
         <object_component_ref idref="oc-1bc"/>
      </symbol>
      <symbol id="sm-3fb">
         <name>ADCProcessorTrigger</name>
         <value>0x1d49</value>
         <object_component_ref idref="oc-261"/>
      </symbol>
      <symbol id="sm-3fc">
         <name>ADCSequenceEnable</name>
         <value>0x1e5d</value>
         <object_component_ref idref="oc-132"/>
      </symbol>
      <symbol id="sm-3fd">
         <name>ADCSequenceConfigure</name>
         <value>0x1bd1</value>
         <object_component_ref idref="oc-12a"/>
      </symbol>
      <symbol id="sm-3fe">
         <name>ADCSequenceStepConfigure</name>
         <value>0x164b</value>
         <object_component_ref idref="oc-12e"/>
      </symbol>
      <symbol id="sm-3ff">
         <name>ADCIntClear</name>
         <value>0x1e9f</value>
         <object_component_ref idref="oc-136"/>
      </symbol>
      <symbol id="sm-400">
         <name>ADCIntStatus</name>
         <value>0x1b75</value>
         <object_component_ref idref="oc-265"/>
      </symbol>
      <symbol id="sm-401">
         <name>ADCSequenceDataGet</name>
         <value>0x1cb9</value>
         <object_component_ref idref="oc-269"/>
      </symbol>
      <symbol id="sm-410">
         <name>_c_int00</name>
         <value>0x1979</value>
         <object_component_ref idref="oc-10"/>
      </symbol>
      <symbol id="sm-411">
         <name>__stack</name>
         <value>0x20001174</value>
         <object_component_ref idref="oc-23"/>
      </symbol>
      <symbol id="sm-427">
         <name>__TI_decompress_none</name>
         <value>0x1e79</value>
         <object_component_ref idref="oc-14"/>
      </symbol>
      <symbol id="sm-449">
         <name>__TI_decompress_rle24</name>
         <value>0x1eeb</value>
         <object_component_ref idref="oc-1e"/>
      </symbol>
      <symbol id="sm-461">
         <name>__TI_zero_init</name>
         <value>0x1df9</value>
         <object_component_ref idref="oc-19"/>
      </symbol>
      <symbol id="sm-47d">
         <name>C$$EXIT</name>
         <value>0x1a05</value>
         <object_component_ref idref="oc-55"/>
      </symbol>
      <symbol id="sm-47e">
         <name>abort</name>
         <value>0x1a09</value>
         <object_component_ref idref="oc-55"/>
      </symbol>
      <symbol id="sm-47f">
         <name>exit</name>
         <value>0x1a11</value>
         <object_component_ref idref="oc-55"/>
      </symbol>
      <symbol id="sm-480">
         <name>__TI_dtors_ptr</name>
         <value>0x200021b0</value>
         <object_component_ref idref="oc-ba"/>
      </symbol>
      <symbol id="sm-481">
         <name>__TI_cleanup_ptr</name>
         <value>0x200021ac</value>
         <object_component_ref idref="oc-ba"/>
      </symbol>
      <symbol id="sm-48b">
         <name>__aeabi_dmul</name>
         <value>0x1031</value>
         <object_component_ref idref="oc-271"/>
      </symbol>
      <symbol id="sm-494">
         <name>__aeabi_d2uiz</name>
         <value>0x1a49</value>
         <object_component_ref idref="oc-275"/>
      </symbol>
      <symbol id="sm-4ae">
         <name>memcpy</name>
         <value>0x1407</value>
         <object_component_ref idref="oc-5d"/>
      </symbol>
      <symbol id="sm-4af">
         <name>__aeabi_memcpy</name>
         <value>0x1407</value>
         <object_component_ref idref="oc-5d"/>
      </symbol>
      <symbol id="sm-4b0">
         <name>__aeabi_memcpy8</name>
         <value>0x1407</value>
         <object_component_ref idref="oc-5d"/>
      </symbol>
      <symbol id="sm-4b1">
         <name>__aeabi_memcpy4</name>
         <value>0x1407</value>
         <object_component_ref idref="oc-5d"/>
      </symbol>
      <symbol id="sm-522">
         <name>_sys_memory</name>
         <value>0x20001978</value>
         <object_component_ref idref="oc-24"/>
      </symbol>
      <symbol id="sm-523">
         <name>free</name>
         <value>0x777</value>
         <object_component_ref idref="oc-1e6"/>
      </symbol>
      <symbol id="sm-524">
         <name>realloc</name>
         <value>0x837</value>
         <object_component_ref idref="oc-1e6"/>
      </symbol>
      <symbol id="sm-525">
         <name>memalign</name>
         <value>0x93d</value>
         <object_component_ref idref="oc-1e6"/>
      </symbol>
      <symbol id="sm-526">
         <name>calloc</name>
         <value>0xa1d</value>
         <object_component_ref idref="oc-1e6"/>
      </symbol>
      <symbol id="sm-527">
         <name>malloc</name>
         <value>0x715</value>
         <object_component_ref idref="oc-1e6"/>
      </symbol>
      <symbol id="sm-528">
         <name>minit</name>
         <value>0x689</value>
         <object_component_ref idref="oc-1e6"/>
      </symbol>
      <symbol id="sm-530">
         <name>main_func_sp</name>
         <value>0x200021b4</value>
         <object_component_ref idref="oc-5a"/>
      </symbol>
      <symbol id="sm-53a">
         <name>__aeabi_ui2d</name>
         <value>0x1cd9</value>
         <object_component_ref idref="oc-26d"/>
      </symbol>
      <symbol id="sm-550">
         <name>_nop</name>
         <value>0x1dab</value>
         <object_component_ref idref="oc-18a"/>
      </symbol>
      <symbol id="sm-551">
         <name>_lock</name>
         <value>0x200021a4</value>
         <object_component_ref idref="oc-b8"/>
      </symbol>
      <symbol id="sm-552">
         <name>_unlock</name>
         <value>0x200021a8</value>
         <object_component_ref idref="oc-b8"/>
      </symbol>
      <symbol id="sm-553">
         <name>_register_lock</name>
         <value>0x1da3</value>
         <object_component_ref idref="oc-18a"/>
      </symbol>
      <symbol id="sm-554">
         <name>_register_unlock</name>
         <value>0x1d9d</value>
         <object_component_ref idref="oc-18a"/>
      </symbol>
      <symbol id="sm-568">
         <name>_args_main</name>
         <value>0x1d31</value>
         <object_component_ref idref="oc-50"/>
      </symbol>
      <symbol id="sm-585">
         <name>__TI_auto_init</name>
         <value>0x14a5</value>
         <object_component_ref idref="oc-4c"/>
      </symbol>
      <symbol id="sm-59d">
         <name>copy_in</name>
         <value>0x19c1</value>
         <object_component_ref idref="oc-ab"/>
      </symbol>
      <symbol id="sm-5ab">
         <name>__TI_static_base__</name>
         <value>0x0</value>
      </symbol>
      <symbol id="sm-5ac">
         <name>__TI_args_main</name>
         <value>0x1</value>
      </symbol>
      <symbol id="sm-5ad">
         <name>SHT$$INIT_ARRAY$$Limit</name>
         <value>0x0</value>
      </symbol>
      <symbol id="sm-5ae">
         <name>SHT$$INIT_ARRAY$$Base</name>
         <value>0x0</value>
      </symbol>
   </symbol_table>
   <title>Link successful</title>
</link_info>
